// Jest Snapshot v1, https://goo.gl/fbAQLP

exports[`Pruebas en el CounterApp Debe de mostrar <CounterApp/> correctamente 1`] = `
<div>
  <div
    className="div"
  >
    <h1>
      Counter App
    </h1>
  </div>
  <div
    className="div"
  >
    <h2>
       
      0
       
    </h2>
  </div>
  <div
    className="div"
  >
    <button
      onClick={[Function]}
    >
      +1
    </button>
    <button
      onClick={[Function]}
    >
      Reset
    </button>
    <button
      onClick={[Function]}
    >
      -1
    </button>
  </div>
</div>
`;
