// Jest Snapshot v1, https://goo.gl/fbAQLP

exports[`Pruebas en PrimeraApp <PrimeraApp/> Debe hacer match con snapshot 1`] = `undefined`;
